// Jest Snapshot v1, https://goo.gl/fbAQLP

exports[`Home should match snapshot 1`] = `
<div>
  <div>
    <h1>
      Nova home
    </h1>
  </div>
</div>
`;
